2025-02-14T06:32:57.139795-0700 - __main__-   __init__ -189- INFO    - ******************************************************************************************************** 



2025-02-14T06:32:57.141129-0700 - __main__-   __init__ -191- INFO    -  This is version 0.5
2025-02-14T06:32:57.141289-0700 - __main__-   __init__ -192- INFO    - 


***************************************************************************************************** 

2025-02-14T06:32:57.377024-0700 - __main__-   ConnectDataBase -213- INFO    - connection succsessful
2025-02-14T06:32:57.377445-0700 - __main__-   ConnectDataBase -217- INFO    -  database connection name qt_sql_default_connection
2025-02-14T06:33:03.532452-0700 - __main__-   create_new_recipe -506- INFO    - new recipe name test
2025-02-14T06:33:14.805721-0700 - __main__-   save_recipe -643- INFO    - ingredients [['100', 'g', 'piff'], ['0', 'g', ' '], ['0', 'g', ' '], ['0', 'g', ' '], ['0', 'g', ' ']] 
2025-02-14T06:33:14.806504-0700 - __main__-   create_pandas_frame -521- INFO    -  name test and record [['100', 'g', 'piff'], ['0', 'g', ' '], ['0', 'g', ' '], ['0', 'g', ' '], ['0', 'g', ' ']] for recipes
2025-02-14T06:33:14.814564-0700 - __main__-   do_sql -771- INFO    - query in do_sql SELECT energy,protein,carbohydrate,fat FROM ingredients where name ILIKE 'piff';
2025-02-14T06:33:14.816924-0700 - __main__-   create_pandas_frame -568- INFO    - this ingredient piff is missing 
2025-02-14T06:34:29.471560-0700 - __main__-   __init__ -189- INFO    - ******************************************************************************************************** 



2025-02-14T06:34:29.472367-0700 - __main__-   __init__ -191- INFO    -  This is version 0.5
2025-02-14T06:34:29.472597-0700 - __main__-   __init__ -192- INFO    - 


***************************************************************************************************** 

2025-02-14T06:34:29.550006-0700 - __main__-   ConnectDataBase -213- INFO    - connection succsessful
2025-02-14T06:34:29.550454-0700 - __main__-   ConnectDataBase -217- INFO    -  database connection name qt_sql_default_connection
2025-02-14T06:34:38.326767-0700 - __main__-   create_new_recipe -508- INFO    - new recipe name test
2025-02-14T06:34:47.159031-0700 - __main__-   save_recipe -645- INFO    - ingredients [['100', 'g', 'piff'], ['0', 'g', ' '], ['0', 'g', ' '], ['0', 'g', ' '], ['0', 'g', ' ']] 
2025-02-14T06:34:47.159674-0700 - __main__-   create_pandas_frame -523- INFO    -  name test and record [['100', 'g', 'piff'], ['0', 'g', ' '], ['0', 'g', ' '], ['0', 'g', ' '], ['0', 'g', ' ']] for recipes
2025-02-14T06:34:47.174799-0700 - __main__-   do_sql -773- INFO    - query in do_sql SELECT energy,protein,carbohydrate,fat FROM ingredients where name ILIKE 'piff';
2025-02-14T06:34:47.176481-0700 - __main__-   create_pandas_frame -570- INFO    - this ingredient piff is missing 
2025-02-14T06:40:31.269065-0700 - __main__-   __init__ -189- INFO    - ******************************************************************************************************** 



2025-02-14T06:40:31.269870-0700 - __main__-   __init__ -191- INFO    -  This is version 0.5
2025-02-14T06:40:31.270127-0700 - __main__-   __init__ -192- INFO    - 


***************************************************************************************************** 

2025-02-14T06:40:31.353362-0700 - __main__-   ConnectDataBase -213- INFO    - connection succsessful
2025-02-14T06:40:31.353871-0700 - __main__-   ConnectDataBase -217- INFO    -  database connection name qt_sql_default_connection
2025-02-14T06:40:35.983116-0700 - __main__-   create_new_recipe -508- INFO    - new recipe name test
2025-02-14T06:40:47.894069-0700 - __main__-   save_recipe -645- INFO    - ingredients [['100', 'g', 'piff'], ['0', 'g', ' '], ['0', 'g', ' '], ['0', 'g', ' '], ['0', 'g', ' ']] 
2025-02-14T06:40:47.894631-0700 - __main__-   create_pandas_frame -523- INFO    -  name test and record [['100', 'g', 'piff'], ['0', 'g', ' '], ['0', 'g', ' '], ['0', 'g', ' '], ['0', 'g', ' ']] for recipes
2025-02-14T06:40:47.897176-0700 - __main__-   do_sql -773- INFO    - query in do_sql SELECT energy,protein,carbohydrate,fat FROM ingredients where name ILIKE 'piff';
2025-02-14T06:40:47.899486-0700 - __main__-   create_pandas_frame -570- INFO    - this ingredient piff is missing 
2025-02-14T06:43:41.093144-0700 - __main__-   __init__ -189- INFO    - ******************************************************************************************************** 



2025-02-14T06:43:41.093616-0700 - __main__-   __init__ -191- INFO    -  This is version 0.5
2025-02-14T06:43:41.093785-0700 - __main__-   __init__ -192- INFO    - 


***************************************************************************************************** 

2025-02-14T06:43:41.176740-0700 - __main__-   ConnectDataBase -213- INFO    - connection succsessful
2025-02-14T06:43:41.177055-0700 - __main__-   ConnectDataBase -217- INFO    -  database connection name qt_sql_default_connection
2025-02-14T06:43:49.406512-0700 - __main__-   create_new_recipe -509- INFO    - new recipe name test
2025-02-14T06:44:02.207005-0700 - __main__-   save_recipe -646- INFO    - ingredients [['100', 'g', 'piff'], ['0', 'g', ' '], ['0', 'g', ' '], ['0', 'g', ' '], ['0', 'g', ' ']] 
2025-02-14T06:44:02.209003-0700 - __main__-   create_pandas_frame -524- INFO    -  name test and record [['100', 'g', 'piff'], ['0', 'g', ' '], ['0', 'g', ' '], ['0', 'g', ' '], ['0', 'g', ' ']] for recipes
2025-02-14T06:44:02.212854-0700 - __main__-   do_sql -774- INFO    - query in do_sql SELECT energy,protein,carbohydrate,fat FROM ingredients where name ILIKE 'piff';
2025-02-14T06:44:02.214460-0700 - __main__-   create_pandas_frame -571- INFO    - this ingredient piff is missing 
2025-02-14T06:45:22.735569-0700 - __main__-   __init__ -189- INFO    - ******************************************************************************************************** 



2025-02-14T06:45:22.736065-0700 - __main__-   __init__ -191- INFO    -  This is version 0.5
2025-02-14T06:45:22.736185-0700 - __main__-   __init__ -192- INFO    - 


***************************************************************************************************** 

2025-02-14T06:45:22.818772-0700 - __main__-   ConnectDataBase -213- INFO    - connection succsessful
2025-02-14T06:45:22.819096-0700 - __main__-   ConnectDataBase -217- INFO    -  database connection name qt_sql_default_connection
2025-02-14T06:45:30.117981-0700 - __main__-   create_new_recipe -509- INFO    - new recipe name test
2025-02-14T06:45:40.255704-0700 - __main__-   save_recipe -646- INFO    - ingredients [['100', 'g', 'piff'], ['0', 'g', ' '], ['0', 'g', ' '], ['0', 'g', ' '], ['0', 'g', ' ']] 
2025-02-14T06:45:40.257208-0700 - __main__-   create_pandas_frame -524- INFO    -  name test and record [['100', 'g', 'piff'], ['0', 'g', ' '], ['0', 'g', ' '], ['0', 'g', ' '], ['0', 'g', ' ']] for recipes
2025-02-14T06:45:40.259697-0700 - __main__-   do_sql -774- INFO    - query in do_sql SELECT energy,protein,carbohydrate,fat FROM ingredients where name ILIKE 'piff';
2025-02-14T06:45:40.261106-0700 - __main__-   create_pandas_frame -571- INFO    - this ingredient piff is missing 
2025-02-14T06:49:05.900415-0700 - __main__-   __init__ -189- INFO    - ******************************************************************************************************** 



2025-02-14T06:49:05.900733-0700 - __main__-   __init__ -191- INFO    -  This is version 0.5
2025-02-14T06:49:05.900824-0700 - __main__-   __init__ -192- INFO    - 


***************************************************************************************************** 

2025-02-14T06:49:05.961012-0700 - __main__-   ConnectDataBase -213- INFO    - connection succsessful
2025-02-14T06:49:05.961400-0700 - __main__-   ConnectDataBase -217- INFO    -  database connection name qt_sql_default_connection
2025-02-14T06:49:13.105556-0700 - __main__-   create_new_recipe -509- INFO    - new recipe name test
2025-02-14T06:49:21.777309-0700 - __main__-   save_recipe -646- INFO    - ingredients [['100', 'g', 'piff'], ['0', 'g', ' '], ['0', 'g', ' '], ['0', 'g', ' '], ['0', 'g', ' ']] 
2025-02-14T06:49:21.777909-0700 - __main__-   create_pandas_frame -524- INFO    -  name test and record [['100', 'g', 'piff'], ['0', 'g', ' '], ['0', 'g', ' '], ['0', 'g', ' '], ['0', 'g', ' ']] for recipes
2025-02-14T06:49:21.784574-0700 - __main__-   do_sql -774- INFO    - query in do_sql SELECT energy,protein,carbohydrate,fat FROM ingredients where name ILIKE 'piff';
2025-02-14T06:49:21.786146-0700 - __main__-   create_pandas_frame -571- INFO    - this ingredient piff is missing 
2025-02-14T06:50:18.141193-0700 - __main__-   __init__ -189- INFO    - ******************************************************************************************************** 



2025-02-14T06:50:18.141629-0700 - __main__-   __init__ -191- INFO    -  This is version 0.5
2025-02-14T06:50:18.141800-0700 - __main__-   __init__ -192- INFO    - 


***************************************************************************************************** 

2025-02-14T06:50:18.305153-0700 - __main__-   ConnectDataBase -213- INFO    - connection succsessful
2025-02-14T06:50:18.305440-0700 - __main__-   ConnectDataBase -217- INFO    -  database connection name qt_sql_default_connection
2025-02-14T06:50:22.497942-0700 - __main__-   create_new_recipe -509- INFO    - new recipe name test
2025-02-14T06:50:31.215176-0700 - __main__-   save_recipe -646- INFO    - ingredients [['100', 'g', 'piff'], ['0', 'g', ' '], ['0', 'g', ' '], ['0', 'g', ' '], ['0', 'g', ' ']] 
2025-02-14T06:50:31.216707-0700 - __main__-   create_pandas_frame -524- INFO    -  name test and record [['100', 'g', 'piff'], ['0', 'g', ' '], ['0', 'g', ' '], ['0', 'g', ' '], ['0', 'g', ' ']] for recipes
2025-02-14T06:50:31.219411-0700 - __main__-   do_sql -774- INFO    - query in do_sql SELECT energy,protein,carbohydrate,fat FROM ingredients where name ILIKE 'piff';
2025-02-14T06:50:31.221378-0700 - __main__-   create_pandas_frame -571- INFO    - this ingredient piff is missing 
2025-02-14T06:51:26.796319-0700 - __main__-   __init__ -189- INFO    - ******************************************************************************************************** 



2025-02-14T06:51:26.796816-0700 - __main__-   __init__ -191- INFO    -  This is version 0.5
2025-02-14T06:51:26.796962-0700 - __main__-   __init__ -192- INFO    - 


***************************************************************************************************** 

2025-02-14T06:51:26.857845-0700 - __main__-   ConnectDataBase -213- INFO    - connection succsessful
2025-02-14T06:51:26.858205-0700 - __main__-   ConnectDataBase -217- INFO    -  database connection name qt_sql_default_connection
2025-02-14T06:51:31.249305-0700 - __main__-   create_new_recipe -511- INFO    - new recipe name test
2025-02-14T06:51:39.419259-0700 - __main__-   save_recipe -648- INFO    - ingredients [['100', 'g', 'piff'], ['0', 'g', ' '], ['0', 'g', ' '], ['0', 'g', ' '], ['0', 'g', ' ']] 
2025-02-14T06:51:39.421578-0700 - __main__-   create_pandas_frame -526- INFO    -  name test and record [['100', 'g', 'piff'], ['0', 'g', ' '], ['0', 'g', ' '], ['0', 'g', ' '], ['0', 'g', ' ']] for recipes
2025-02-14T06:51:39.426310-0700 - __main__-   do_sql -776- INFO    - query in do_sql SELECT energy,protein,carbohydrate,fat FROM ingredients where name ILIKE 'piff';
2025-02-14T06:51:39.427733-0700 - __main__-   create_pandas_frame -573- INFO    - this ingredient piff is missing 
2025-02-14T06:52:02.823309-0700 - __main__-   __init__ -189- INFO    - ******************************************************************************************************** 



2025-02-14T06:52:02.823818-0700 - __main__-   __init__ -191- INFO    -  This is version 0.5
2025-02-14T06:52:02.824003-0700 - __main__-   __init__ -192- INFO    - 


***************************************************************************************************** 

2025-02-14T06:52:02.903307-0700 - __main__-   ConnectDataBase -213- INFO    - connection succsessful
2025-02-14T06:52:02.903593-0700 - __main__-   ConnectDataBase -217- INFO    -  database connection name qt_sql_default_connection
2025-02-14T06:52:07.689062-0700 - __main__-   create_new_recipe -511- INFO    - new recipe name test
2025-02-14T06:52:16.195621-0700 - __main__-   save_recipe -648- INFO    - ingredients [['100', 'g', 'piff'], ['0', 'g', ' '], ['0', 'g', ' '], ['0', 'g', ' '], ['0', 'g', ' ']] 
2025-02-14T06:52:16.196159-0700 - __main__-   create_pandas_frame -526- INFO    -  name test and record [['100', 'g', 'piff'], ['0', 'g', ' '], ['0', 'g', ' '], ['0', 'g', ' '], ['0', 'g', ' ']] for recipes
2025-02-14T06:52:16.198969-0700 - __main__-   do_sql -776- INFO    - query in do_sql SELECT energy,protein,carbohydrate,fat FROM ingredients where name ILIKE 'piff';
2025-02-14T06:52:16.201338-0700 - __main__-   create_pandas_frame -573- INFO    - this ingredient piff is missing 
2025-02-14T06:57:45.579576-0700 - __main__-   __init__ -189- INFO    - ******************************************************************************************************** 



2025-02-14T06:57:45.580060-0700 - __main__-   __init__ -191- INFO    -  This is version 0.5
2025-02-14T06:57:45.580147-0700 - __main__-   __init__ -192- INFO    - 


***************************************************************************************************** 

2025-02-14T06:57:45.659954-0700 - __main__-   ConnectDataBase -213- INFO    - connection succsessful
2025-02-14T06:57:45.660307-0700 - __main__-   ConnectDataBase -217- INFO    -  database connection name qt_sql_default_connection
2025-02-14T06:57:50.513726-0700 - __main__-   create_new_recipe -511- INFO    - new recipe name test
2025-02-14T06:57:58.854773-0700 - __main__-   save_recipe -648- INFO    - ingredients [['100', 'g', 'piff'], ['0', 'g', ' '], ['0', 'g', ' '], ['0', 'g', ' '], ['0', 'g', ' ']] 
2025-02-14T06:57:58.855559-0700 - __main__-   create_pandas_frame -526- INFO    -  name test and record [['100', 'g', 'piff'], ['0', 'g', ' '], ['0', 'g', ' '], ['0', 'g', ' '], ['0', 'g', ' ']] for recipes
2025-02-14T06:57:58.857236-0700 - __main__-   do_sql -776- INFO    - query in do_sql SELECT energy,protein,carbohydrate,fat FROM ingredients where name ILIKE 'piff';
2025-02-14T06:57:58.858718-0700 - __main__-   create_pandas_frame -573- INFO    - this ingredient piff is missing 
2025-02-14T06:58:32.581502-0700 - __main__-   __init__ -189- INFO    - ******************************************************************************************************** 



2025-02-14T06:58:32.581836-0700 - __main__-   __init__ -191- INFO    -  This is version 0.5
2025-02-14T06:58:32.581975-0700 - __main__-   __init__ -192- INFO    - 


***************************************************************************************************** 

2025-02-14T06:58:32.640941-0700 - __main__-   ConnectDataBase -213- INFO    - connection succsessful
2025-02-14T06:58:32.641252-0700 - __main__-   ConnectDataBase -217- INFO    -  database connection name qt_sql_default_connection
2025-02-14T06:58:37.915529-0700 - __main__-   create_new_recipe -511- INFO    - new recipe name test
2025-02-14T06:58:46.398404-0700 - __main__-   save_recipe -648- INFO    - ingredients [['100', 'g', 'piff'], ['0', 'g', ' '], ['0', 'g', ' '], ['0', 'g', ' '], ['0', 'g', ' ']] 
2025-02-14T06:58:46.399186-0700 - __main__-   create_pandas_frame -526- INFO    -  name test and record [['100', 'g', 'piff'], ['0', 'g', ' '], ['0', 'g', ' '], ['0', 'g', ' '], ['0', 'g', ' ']] for recipes
2025-02-14T06:58:46.403360-0700 - __main__-   do_sql -776- INFO    - query in do_sql SELECT energy,protein,carbohydrate,fat FROM ingredients where name ILIKE 'piff';
2025-02-14T06:58:46.404757-0700 - __main__-   create_pandas_frame -573- INFO    - this ingredient piff is missing 
2025-02-14T07:00:56.815155-0700 - __main__-   __init__ -189- INFO    - ******************************************************************************************************** 



2025-02-14T07:00:56.816033-0700 - __main__-   __init__ -191- INFO    -  This is version 0.5
2025-02-14T07:00:56.816149-0700 - __main__-   __init__ -192- INFO    - 


***************************************************************************************************** 

2025-02-14T07:00:56.900114-0700 - __main__-   ConnectDataBase -213- INFO    - connection succsessful
2025-02-14T07:00:56.900440-0700 - __main__-   ConnectDataBase -217- INFO    -  database connection name qt_sql_default_connection
2025-02-14T07:01:01.059157-0700 - __main__-   create_new_recipe -511- INFO    - new recipe name test
2025-02-14T07:01:08.533211-0700 - __main__-   save_recipe -648- INFO    - ingredients [['100', 'g', 'piff'], ['0', 'g', ' '], ['0', 'g', ' '], ['0', 'g', ' '], ['0', 'g', ' ']] 
2025-02-14T07:01:08.533982-0700 - __main__-   create_pandas_frame -526- INFO    -  name test and record [['100', 'g', 'piff'], ['0', 'g', ' '], ['0', 'g', ' '], ['0', 'g', ' '], ['0', 'g', ' ']] for recipes
2025-02-14T07:01:08.537418-0700 - __main__-   do_sql -776- INFO    - query in do_sql SELECT energy,protein,carbohydrate,fat FROM ingredients where name ILIKE 'piff';
2025-02-14T07:01:08.538701-0700 - __main__-   create_pandas_frame -573- INFO    - this ingredient piff is missing 
2025-02-14T07:01:48.457859-0700 - __main__-   __init__ -189- INFO    - ******************************************************************************************************** 



2025-02-14T07:01:48.458187-0700 - __main__-   __init__ -191- INFO    -  This is version 0.5
2025-02-14T07:01:48.458271-0700 - __main__-   __init__ -192- INFO    - 


***************************************************************************************************** 

2025-02-14T07:01:48.520340-0700 - __main__-   ConnectDataBase -213- INFO    - connection succsessful
2025-02-14T07:01:48.520646-0700 - __main__-   ConnectDataBase -217- INFO    -  database connection name qt_sql_default_connection
2025-02-14T07:01:52.455088-0700 - __main__-   create_new_recipe -511- INFO    - new recipe name test
2025-02-14T07:02:00.748964-0700 - __main__-   save_recipe -648- INFO    - ingredients [['100', 'g', 'piff'], ['0', 'g', ' '], ['0', 'g', ' '], ['0', 'g', ' '], ['0', 'g', ' ']] 
2025-02-14T07:02:00.749269-0700 - __main__-   create_pandas_frame -526- INFO    -  name test and record [['100', 'g', 'piff'], ['0', 'g', ' '], ['0', 'g', ' '], ['0', 'g', ' '], ['0', 'g', ' ']] for recipes
2025-02-14T07:02:00.751532-0700 - __main__-   do_sql -776- INFO    - query in do_sql SELECT energy,protein,carbohydrate,fat FROM ingredients where name ILIKE 'piff';
2025-02-14T07:02:00.752462-0700 - __main__-   create_pandas_frame -573- INFO    - this ingredient piff is missing 
2025-02-14T07:02:45.194888-0700 - __main__-   __init__ -189- INFO    - ******************************************************************************************************** 



2025-02-14T07:02:45.195291-0700 - __main__-   __init__ -191- INFO    -  This is version 0.5
2025-02-14T07:02:45.195380-0700 - __main__-   __init__ -192- INFO    - 


***************************************************************************************************** 

2025-02-14T07:02:45.278502-0700 - __main__-   ConnectDataBase -213- INFO    - connection succsessful
2025-02-14T07:02:45.278798-0700 - __main__-   ConnectDataBase -217- INFO    -  database connection name qt_sql_default_connection
2025-02-14T07:02:49.330785-0700 - __main__-   create_new_recipe -511- INFO    - new recipe name test
2025-02-14T07:02:57.734442-0700 - __main__-   save_recipe -648- INFO    - ingredients [['100', 'g', 'piff'], ['0', 'g', ' '], ['0', 'g', ' '], ['0', 'g', ' '], ['0', 'g', ' ']] 
2025-02-14T07:02:57.735129-0700 - __main__-   create_pandas_frame -526- INFO    -  name test and record [['100', 'g', 'piff'], ['0', 'g', ' '], ['0', 'g', ' '], ['0', 'g', ' '], ['0', 'g', ' ']] for recipes
2025-02-14T07:02:57.739439-0700 - __main__-   do_sql -776- INFO    - query in do_sql SELECT energy,protein,carbohydrate,fat FROM ingredients where name ILIKE 'piff';
2025-02-14T07:02:57.743718-0700 - __main__-   create_pandas_frame -573- INFO    - this ingredient piff is missing 
2025-02-14T07:03:53.287177-0700 - __main__-   __init__ -189- INFO    - ******************************************************************************************************** 



2025-02-14T07:03:53.287682-0700 - __main__-   __init__ -191- INFO    -  This is version 0.5
2025-02-14T07:03:53.287798-0700 - __main__-   __init__ -192- INFO    - 


***************************************************************************************************** 

2025-02-14T07:03:53.368251-0700 - __main__-   ConnectDataBase -213- INFO    - connection succsessful
2025-02-14T07:03:53.368559-0700 - __main__-   ConnectDataBase -217- INFO    -  database connection name qt_sql_default_connection
2025-02-14T07:03:57.825785-0700 - __main__-   create_new_recipe -514- INFO    - new recipe name test
2025-02-14T07:04:07.171109-0700 - __main__-   save_recipe -651- INFO    - ingredients [['100', 'g', 'piff'], ['0', 'g', ' '], ['0', 'g', ' '], ['0', 'g', ' '], ['0', 'g', ' ']] 
2025-02-14T07:04:07.171722-0700 - __main__-   create_pandas_frame -529- INFO    -  name test and record [['100', 'g', 'piff'], ['0', 'g', ' '], ['0', 'g', ' '], ['0', 'g', ' '], ['0', 'g', ' ']] for recipes
2025-02-14T07:04:07.176203-0700 - __main__-   do_sql -779- INFO    - query in do_sql SELECT energy,protein,carbohydrate,fat FROM ingredients where name ILIKE 'piff';
2025-02-14T07:04:07.179154-0700 - __main__-   create_pandas_frame -576- INFO    - this ingredient piff is missing 
2025-02-14T07:04:54.228406-0700 - __main__-   __init__ -189- INFO    - ******************************************************************************************************** 



2025-02-14T07:04:54.228738-0700 - __main__-   __init__ -191- INFO    -  This is version 0.5
2025-02-14T07:04:54.228832-0700 - __main__-   __init__ -192- INFO    - 


***************************************************************************************************** 

2025-02-14T07:04:54.297052-0700 - __main__-   ConnectDataBase -213- INFO    - connection succsessful
2025-02-14T07:04:54.297361-0700 - __main__-   ConnectDataBase -217- INFO    -  database connection name qt_sql_default_connection
2025-02-14T07:04:58.006100-0700 - __main__-   create_new_recipe -518- INFO    - new recipe name test
2025-02-14T07:05:05.085928-0700 - __main__-   save_recipe -655- INFO    - ingredients [['100', 'g', 'piff'], ['0', 'g', ' '], ['0', 'g', ' '], ['0', 'g', ' '], ['0', 'g', ' ']] 
2025-02-14T07:05:05.087721-0700 - __main__-   create_pandas_frame -533- INFO    -  name test and record [['100', 'g', 'piff'], ['0', 'g', ' '], ['0', 'g', ' '], ['0', 'g', ' '], ['0', 'g', ' ']] for recipes
2025-02-14T07:05:05.090519-0700 - __main__-   do_sql -783- INFO    - query in do_sql SELECT energy,protein,carbohydrate,fat FROM ingredients where name ILIKE 'piff';
2025-02-14T07:05:05.091874-0700 - __main__-   create_pandas_frame -580- INFO    - this ingredient piff is missing 
2025-02-14T07:05:42.200502-0700 - __main__-   __init__ -189- INFO    - ******************************************************************************************************** 



2025-02-14T07:05:42.200790-0700 - __main__-   __init__ -191- INFO    -  This is version 0.5
2025-02-14T07:05:42.200871-0700 - __main__-   __init__ -192- INFO    - 


***************************************************************************************************** 

2025-02-14T07:05:42.261354-0700 - __main__-   ConnectDataBase -213- INFO    - connection succsessful
2025-02-14T07:05:42.261720-0700 - __main__-   ConnectDataBase -217- INFO    -  database connection name qt_sql_default_connection
2025-02-14T07:05:49.343893-0700 - __main__-   create_new_recipe -518- INFO    - new recipe name test
2025-02-14T07:05:56.785294-0700 - __main__-   save_recipe -655- INFO    - ingredients [['100', 'g', 'piff'], ['0', 'g', ' '], ['0', 'g', ' '], ['0', 'g', ' '], ['0', 'g', ' ']] 
2025-02-14T07:05:56.785958-0700 - __main__-   create_pandas_frame -533- INFO    -  name test and record [['100', 'g', 'piff'], ['0', 'g', ' '], ['0', 'g', ' '], ['0', 'g', ' '], ['0', 'g', ' ']] for recipes
2025-02-14T07:05:56.789314-0700 - __main__-   do_sql -783- INFO    - query in do_sql SELECT energy,protein,carbohydrate,fat FROM ingredients where name ILIKE 'piff';
2025-02-14T07:05:56.790596-0700 - __main__-   create_pandas_frame -580- INFO    - this ingredient piff is missing 
2025-02-14T07:28:07.616857-0700 - __main__-   __init__ -189- INFO    - ******************************************************************************************************** 



2025-02-14T07:28:07.617351-0700 - __main__-   __init__ -191- INFO    -  This is version 0.5
2025-02-14T07:28:07.617510-0700 - __main__-   __init__ -192- INFO    - 


***************************************************************************************************** 

2025-02-14T07:28:07.694899-0700 - __main__-   ConnectDataBase -213- INFO    - connection succsessful
2025-02-14T07:28:07.695240-0700 - __main__-   ConnectDataBase -217- INFO    -  database connection name qt_sql_default_connection
2025-02-14T07:29:27.154117-0700 - __main__-   create_new_recipe -518- INFO    - new recipe name test
2025-02-14T07:29:36.201108-0700 - __main__-   save_recipe -655- INFO    - ingredients [['100', 'g', 'piff'], ['0', 'g', ' '], ['0', 'g', ' '], ['0', 'g', ' '], ['0', 'g', ' ']] 
2025-02-14T07:29:36.201460-0700 - __main__-   create_pandas_frame -533- INFO    -  name test and record [['100', 'g', 'piff'], ['0', 'g', ' '], ['0', 'g', ' '], ['0', 'g', ' '], ['0', 'g', ' ']] for recipes
2025-02-14T07:29:36.203495-0700 - __main__-   do_sql -783- INFO    - query in do_sql SELECT energy,protein,carbohydrate,fat FROM ingredients where name ILIKE 'piff';
2025-02-14T07:29:36.205865-0700 - __main__-   create_pandas_frame -580- INFO    - this ingredient piff is missing 
2025-02-14T07:30:09.767527-0700 - __main__-   __init__ -189- INFO    - ******************************************************************************************************** 



2025-02-14T07:30:09.767916-0700 - __main__-   __init__ -191- INFO    -  This is version 0.5
2025-02-14T07:30:09.768002-0700 - __main__-   __init__ -192- INFO    - 


***************************************************************************************************** 

2025-02-14T07:30:09.827449-0700 - __main__-   ConnectDataBase -213- INFO    - connection succsessful
2025-02-14T07:30:09.827808-0700 - __main__-   ConnectDataBase -217- INFO    -  database connection name qt_sql_default_connection
2025-02-14T07:30:15.171955-0700 - __main__-   create_new_recipe -523- INFO    - new recipe name test
2025-02-14T07:30:23.061715-0700 - __main__-   save_recipe -660- INFO    - ingredients [['100', 'g', 'piff'], ['0', 'g', ' '], ['0', 'g', ' '], ['0', 'g', ' '], ['0', 'g', ' ']] 
2025-02-14T07:30:23.062370-0700 - __main__-   create_pandas_frame -538- INFO    -  name test and record [['100', 'g', 'piff'], ['0', 'g', ' '], ['0', 'g', ' '], ['0', 'g', ' '], ['0', 'g', ' ']] for recipes
2025-02-14T07:30:23.067661-0700 - __main__-   do_sql -788- INFO    - query in do_sql SELECT energy,protein,carbohydrate,fat FROM ingredients where name ILIKE 'piff';
2025-02-14T07:30:23.069839-0700 - __main__-   create_pandas_frame -585- INFO    - this ingredient piff is missing 
2025-02-14T07:38:22.254521-0700 - __main__-   __init__ -189- INFO    - ******************************************************************************************************** 



2025-02-14T07:38:22.254867-0700 - __main__-   __init__ -191- INFO    -  This is version 0.5
2025-02-14T07:38:22.254957-0700 - __main__-   __init__ -192- INFO    - 


***************************************************************************************************** 

2025-02-14T07:38:22.315514-0700 - __main__-   ConnectDataBase -213- INFO    - connection succsessful
2025-02-14T07:38:22.315860-0700 - __main__-   ConnectDataBase -217- INFO    -  database connection name qt_sql_default_connection
2025-02-14T07:38:27.100441-0700 - __main__-   create_new_recipe -523- INFO    - new recipe name test
2025-02-14T07:38:34.297645-0700 - __main__-   save_recipe -660- INFO    - ingredients [['100', 'g', 'piff'], ['0', 'g', ' '], ['0', 'g', ' '], ['0', 'g', ' '], ['0', 'g', ' ']] 
2025-02-14T07:38:34.298292-0700 - __main__-   create_pandas_frame -538- INFO    -  name test and record [['100', 'g', 'piff'], ['0', 'g', ' '], ['0', 'g', ' '], ['0', 'g', ' '], ['0', 'g', ' ']] for recipes
2025-02-14T07:38:34.302807-0700 - __main__-   do_sql -788- INFO    - query in do_sql SELECT energy,protein,carbohydrate,fat FROM ingredients where name ILIKE 'piff';
2025-02-14T07:38:34.304877-0700 - __main__-   create_pandas_frame -585- INFO    - this ingredient piff is missing 
2025-02-14T07:40:56.800223-0700 - __main__-   __init__ -189- INFO    - ******************************************************************************************************** 



2025-02-14T07:40:56.800827-0700 - __main__-   __init__ -191- INFO    -  This is version 0.5
2025-02-14T07:40:56.801045-0700 - __main__-   __init__ -192- INFO    - 


***************************************************************************************************** 

2025-02-14T07:40:56.891583-0700 - __main__-   ConnectDataBase -213- INFO    - connection succsessful
2025-02-14T07:40:56.891973-0700 - __main__-   ConnectDataBase -217- INFO    -  database connection name qt_sql_default_connection
2025-02-14T07:41:01.409554-0700 - __main__-   create_new_recipe -523- INFO    - new recipe name test
2025-02-14T07:41:10.766346-0700 - __main__-   save_recipe -660- INFO    - ingredients [['100', 'g', 'piff'], ['0', 'g', ' '], ['0', 'g', ' '], ['0', 'g', ' '], ['0', 'g', ' ']] 
2025-02-14T07:41:10.766818-0700 - __main__-   create_pandas_frame -538- INFO    -  name test and record [['100', 'g', 'piff'], ['0', 'g', ' '], ['0', 'g', ' '], ['0', 'g', ' '], ['0', 'g', ' ']] for recipes
2025-02-14T07:41:10.769133-0700 - __main__-   do_sql -788- INFO    - query in do_sql SELECT energy,protein,carbohydrate,fat FROM ingredients where name ILIKE 'piff';
2025-02-14T07:41:10.772050-0700 - __main__-   create_pandas_frame -585- INFO    - this ingredient piff is missing 
2025-02-14T07:42:43.113139-0700 - __main__-   __init__ -189- INFO    - ******************************************************************************************************** 



2025-02-14T07:42:43.113585-0700 - __main__-   __init__ -191- INFO    -  This is version 0.5
2025-02-14T07:42:43.113693-0700 - __main__-   __init__ -192- INFO    - 


***************************************************************************************************** 

2025-02-14T07:42:43.199889-0700 - __main__-   ConnectDataBase -213- INFO    - connection succsessful
2025-02-14T07:42:43.200212-0700 - __main__-   ConnectDataBase -217- INFO    -  database connection name qt_sql_default_connection
2025-02-14T07:42:48.721804-0700 - __main__-   create_new_recipe -523- INFO    - new recipe name test
2025-02-14T07:42:58.618941-0700 - __main__-   save_recipe -660- INFO    - ingredients [['100', 'g', 'piff'], ['0', 'g', ' '], ['0', 'g', ' '], ['0', 'g', ' '], ['0', 'g', ' ']] 
2025-02-14T07:42:58.619398-0700 - __main__-   create_pandas_frame -538- INFO    -  name test and record [['100', 'g', 'piff'], ['0', 'g', ' '], ['0', 'g', ' '], ['0', 'g', ' '], ['0', 'g', ' ']] for recipes
2025-02-14T07:42:58.622676-0700 - __main__-   do_sql -788- INFO    - query in do_sql SELECT energy,protein,carbohydrate,fat FROM ingredients where name ILIKE 'piff';
2025-02-14T07:42:58.625378-0700 - __main__-   create_pandas_frame -585- INFO    - this ingredient piff is missing 
2025-02-14T09:25:28.313215-0700 - __main__-   __init__ -189- INFO    - ******************************************************************************************************** 



2025-02-14T09:25:28.313701-0700 - __main__-   __init__ -191- INFO    -  This is version 0.5
2025-02-14T09:25:28.313794-0700 - __main__-   __init__ -192- INFO    - 


***************************************************************************************************** 

2025-02-14T09:25:28.401358-0700 - __main__-   ConnectDataBase -213- INFO    - connection succsessful
2025-02-14T09:25:28.401680-0700 - __main__-   ConnectDataBase -217- INFO    -  database connection name qt_sql_default_connection
2025-02-14T09:25:33.751272-0700 - __main__-   create_new_recipe -525- INFO    - new recipe name test
2025-02-14T09:25:43.628626-0700 - __main__-   save_recipe -662- INFO    - ingredients [['100', 'g', 'piff'], ['0', 'g', ' '], ['0', 'g', ' '], ['0', 'g', ' '], ['0', 'g', ' ']] 
2025-02-14T09:25:43.630862-0700 - __main__-   create_pandas_frame -540- INFO    -  name test and record [['100', 'g', 'piff'], ['0', 'g', ' '], ['0', 'g', ' '], ['0', 'g', ' '], ['0', 'g', ' ']] for recipes
2025-02-14T09:25:43.634670-0700 - __main__-   do_sql -790- INFO    - query in do_sql SELECT energy,protein,carbohydrate,fat FROM ingredients where name ILIKE 'piff';
2025-02-14T09:25:43.636603-0700 - __main__-   create_pandas_frame -587- INFO    - this ingredient piff is missing 
2025-02-14T09:26:17.660073-0700 - __main__-   __init__ -189- INFO    - ******************************************************************************************************** 



2025-02-14T09:26:17.660506-0700 - __main__-   __init__ -191- INFO    -  This is version 0.5
2025-02-14T09:26:17.660594-0700 - __main__-   __init__ -192- INFO    - 


***************************************************************************************************** 

2025-02-14T09:26:17.740754-0700 - __main__-   ConnectDataBase -213- INFO    - connection succsessful
2025-02-14T09:26:17.741059-0700 - __main__-   ConnectDataBase -217- INFO    -  database connection name qt_sql_default_connection
2025-02-14T09:26:22.642040-0700 - __main__-   create_new_recipe -525- INFO    - new recipe name test
2025-02-14T09:26:35.749181-0700 - __main__-   save_recipe -662- INFO    - ingredients [['100', 'g', 'pfiff'], ['0', 'g', ' '], ['0', 'g', ' '], ['0', 'g', ' '], ['0', 'g', ' ']] 
2025-02-14T09:26:35.749903-0700 - __main__-   create_pandas_frame -540- INFO    -  name test and record [['100', 'g', 'pfiff'], ['0', 'g', ' '], ['0', 'g', ' '], ['0', 'g', ' '], ['0', 'g', ' ']] for recipes
2025-02-14T09:26:35.753032-0700 - __main__-   do_sql -790- INFO    - query in do_sql SELECT energy,protein,carbohydrate,fat FROM ingredients where name ILIKE 'pfiff';
2025-02-14T09:26:35.756135-0700 - __main__-   create_pandas_frame -587- INFO    - this ingredient pfiff is missing 
2025-02-14T09:28:55.614308-0700 - __main__-   __init__ -189- INFO    - ******************************************************************************************************** 



2025-02-14T09:28:55.614746-0700 - __main__-   __init__ -191- INFO    -  This is version 0.5
2025-02-14T09:28:55.614864-0700 - __main__-   __init__ -192- INFO    - 


***************************************************************************************************** 

2025-02-14T09:28:55.693608-0700 - __main__-   ConnectDataBase -213- INFO    - connection succsessful
2025-02-14T09:28:55.693968-0700 - __main__-   ConnectDataBase -217- INFO    -  database connection name qt_sql_default_connection
2025-02-14T09:29:03.386804-0700 - __main__-   create_new_recipe -525- INFO    - new recipe name test
2025-02-14T09:29:12.638427-0700 - __main__-   save_recipe -662- INFO    - ingredients [['100', 'g', 'pfiff'], ['0', 'g', ' '], ['0', 'g', ' '], ['0', 'g', ' '], ['0', 'g', ' ']] 
2025-02-14T09:29:12.639328-0700 - __main__-   create_pandas_frame -540- INFO    -  name test and record [['100', 'g', 'pfiff'], ['0', 'g', ' '], ['0', 'g', ' '], ['0', 'g', ' '], ['0', 'g', ' ']] for recipes
2025-02-14T09:29:12.642094-0700 - __main__-   do_sql -790- INFO    - query in do_sql SELECT energy,protein,carbohydrate,fat FROM ingredients where name ILIKE 'pfiff';
2025-02-14T09:29:12.643599-0700 - __main__-   create_pandas_frame -587- INFO    - this ingredient pfiff is missing 
2025-02-14T09:30:11.028009-0700 - __main__-   __init__ -189- INFO    - ******************************************************************************************************** 



2025-02-14T09:30:11.028513-0700 - __main__-   __init__ -191- INFO    -  This is version 0.5
2025-02-14T09:30:11.028693-0700 - __main__-   __init__ -192- INFO    - 


***************************************************************************************************** 

2025-02-14T09:30:11.110265-0700 - __main__-   ConnectDataBase -213- INFO    - connection succsessful
2025-02-14T09:30:11.110624-0700 - __main__-   ConnectDataBase -217- INFO    -  database connection name qt_sql_default_connection
2025-02-14T09:30:15.242739-0700 - __main__-   create_new_recipe -525- INFO    - new recipe name test
2025-02-14T09:30:24.154751-0700 - __main__-   save_recipe -662- INFO    - ingredients [['100', 'g', 'pfiff'], ['0', 'g', ' '], ['0', 'g', ' '], ['0', 'g', ' '], ['0', 'g', ' ']] 
2025-02-14T09:30:24.155344-0700 - __main__-   create_pandas_frame -540- INFO    -  name test and record [['100', 'g', 'pfiff'], ['0', 'g', ' '], ['0', 'g', ' '], ['0', 'g', ' '], ['0', 'g', ' ']] for recipes
2025-02-14T09:30:24.157750-0700 - __main__-   do_sql -790- INFO    - query in do_sql SELECT energy,protein,carbohydrate,fat FROM ingredients where name ILIKE 'pfiff';
2025-02-14T09:30:24.160271-0700 - __main__-   create_pandas_frame -587- INFO    - this ingredient pfiff is missing 
2025-02-14T09:32:00.032356-0700 - __main__-   __init__ -189- INFO    - ******************************************************************************************************** 



2025-02-14T09:32:00.032790-0700 - __main__-   __init__ -191- INFO    -  This is version 0.5
2025-02-14T09:32:00.032880-0700 - __main__-   __init__ -192- INFO    - 


***************************************************************************************************** 

2025-02-14T09:32:00.111929-0700 - __main__-   ConnectDataBase -213- INFO    - connection succsessful
2025-02-14T09:32:00.112337-0700 - __main__-   ConnectDataBase -217- INFO    -  database connection name qt_sql_default_connection
2025-02-14T09:32:05.347181-0700 - __main__-   create_new_recipe -529- INFO    - new recipe name test
2025-02-14T09:32:15.858628-0700 - __main__-   save_recipe -666- INFO    - ingredients [['100', 'g', 'pfiff'], ['0', 'g', ' '], ['0', 'g', ' '], ['0', 'g', ' '], ['0', 'g', ' ']] 
2025-02-14T09:32:15.859145-0700 - __main__-   create_pandas_frame -544- INFO    -  name test and record [['100', 'g', 'pfiff'], ['0', 'g', ' '], ['0', 'g', ' '], ['0', 'g', ' '], ['0', 'g', ' ']] for recipes
2025-02-14T09:32:15.863801-0700 - __main__-   do_sql -794- INFO    - query in do_sql SELECT energy,protein,carbohydrate,fat FROM ingredients where name ILIKE 'pfiff';
2025-02-14T09:32:15.866965-0700 - __main__-   create_pandas_frame -591- INFO    - this ingredient pfiff is missing 
2025-02-14T09:32:37.880780-0700 - __main__-   __init__ -189- INFO    - ******************************************************************************************************** 



2025-02-14T09:32:37.881105-0700 - __main__-   __init__ -191- INFO    -  This is version 0.5
2025-02-14T09:32:37.881198-0700 - __main__-   __init__ -192- INFO    - 


***************************************************************************************************** 

2025-02-14T09:32:37.943176-0700 - __main__-   ConnectDataBase -213- INFO    - connection succsessful
2025-02-14T09:32:37.943520-0700 - __main__-   ConnectDataBase -217- INFO    -  database connection name qt_sql_default_connection
2025-02-14T09:32:43.498571-0700 - __main__-   create_new_recipe -529- INFO    - new recipe name test
2025-02-14T09:32:52.148406-0700 - __main__-   save_recipe -666- INFO    - ingredients [['100', 'g', 'pfiff'], ['0', 'g', ' '], ['0', 'g', ' '], ['0', 'g', ' '], ['0', 'g', ' ']] 
2025-02-14T09:32:52.148814-0700 - __main__-   create_pandas_frame -544- INFO    -  name test and record [['100', 'g', 'pfiff'], ['0', 'g', ' '], ['0', 'g', ' '], ['0', 'g', ' '], ['0', 'g', ' ']] for recipes
2025-02-14T09:32:52.150576-0700 - __main__-   do_sql -794- INFO    - query in do_sql SELECT energy,protein,carbohydrate,fat FROM ingredients where name ILIKE 'pfiff';
2025-02-14T09:32:52.151444-0700 - __main__-   create_pandas_frame -591- INFO    - this ingredient pfiff is missing 
2025-02-14T09:33:57.030376-0700 - __main__-   __init__ -189- INFO    - ******************************************************************************************************** 



2025-02-14T09:33:57.030818-0700 - __main__-   __init__ -191- INFO    -  This is version 0.5
2025-02-14T09:33:57.030906-0700 - __main__-   __init__ -192- INFO    - 


***************************************************************************************************** 

2025-02-14T09:33:57.114603-0700 - __main__-   ConnectDataBase -213- INFO    - connection succsessful
2025-02-14T09:33:57.114929-0700 - __main__-   ConnectDataBase -217- INFO    -  database connection name qt_sql_default_connection
2025-02-14T09:34:02.806637-0700 - __main__-   create_new_recipe -511- INFO    - new recipe name test
2025-02-14T09:34:13.122255-0700 - __main__-   save_recipe -648- INFO    - ingredients [['100', 'g', 'pfiff'], ['0', 'g', ' '], ['0', 'g', ' '], ['0', 'g', ' '], ['0', 'g', ' ']] 
2025-02-14T09:34:13.124207-0700 - __main__-   create_pandas_frame -526- INFO    -  name test and record [['100', 'g', 'pfiff'], ['0', 'g', ' '], ['0', 'g', ' '], ['0', 'g', ' '], ['0', 'g', ' ']] for recipes
2025-02-14T09:34:13.130105-0700 - __main__-   do_sql -776- INFO    - query in do_sql SELECT energy,protein,carbohydrate,fat FROM ingredients where name ILIKE 'pfiff';
2025-02-14T09:34:13.132009-0700 - __main__-   create_pandas_frame -573- INFO    - this ingredient pfiff is missing 
2025-02-14T09:39:11.247568-0700 - __main__-   __init__ -189- INFO    - ******************************************************************************************************** 



2025-02-14T09:39:11.248064-0700 - __main__-   __init__ -191- INFO    -  This is version 0.5
2025-02-14T09:39:11.248179-0700 - __main__-   __init__ -192- INFO    - 


***************************************************************************************************** 

2025-02-14T09:39:11.336129-0700 - __main__-   ConnectDataBase -213- INFO    - connection succsessful
2025-02-14T09:39:11.336457-0700 - __main__-   ConnectDataBase -217- INFO    -  database connection name qt_sql_default_connection
2025-02-14T09:39:31.130304-0700 - __main__-   InsertRecord -425- INFO    -  inserted record test into table  ingredients
