This is pdfTeX, Version 3.14159265-2.6-1.40.20 (TeX Live 2019) (preloaded format=pdflatex 2019.5.8)  13 FEB 2025 07:13
entering extended mode
 \write18 enabled.
 %&-line parsing enabled.
**MyCal.tex
(./MyCal.tex
LaTeX2e <2018-12-01>
(/usr/local/texlive/2019/texmf-dist/tex/latex/base/article.cls
Document Class: article 2018/09/03 v1.4i Standard LaTeX document class
(/usr/local/texlive/2019/texmf-dist/tex/latex/base/size12.clo
File: size12.clo 2018/09/03 v1.4i Standard LaTeX file (size option)
)
\c@part=\count80
\c@section=\count81
\c@subsection=\count82
\c@subsubsection=\count83
\c@paragraph=\count84
\c@subparagraph=\count85
\c@figure=\count86
\c@table=\count87
\abovecaptionskip=\skip41
\belowcaptionskip=\skip42
\bibindent=\dimen102
)
\@input{usepack.aux}
\openout2 = `usepack.aux'.

No file usepack.tex.
\c@labcount=\count88
(./MyCal.aux)
\openout1 = `MyCal.aux'.

LaTeX Font Info:    Checking defaults for OML/cmm/m/it on input line 38.
LaTeX Font Info:    ... okay on input line 38.
LaTeX Font Info:    Checking defaults for T1/cmr/m/n on input line 38.
LaTeX Font Info:    ... okay on input line 38.
LaTeX Font Info:    Checking defaults for OT1/cmr/m/n on input line 38.
LaTeX Font Info:    ... okay on input line 38.
LaTeX Font Info:    Checking defaults for OMS/cmsy/m/n on input line 38.
LaTeX Font Info:    ... okay on input line 38.
LaTeX Font Info:    Checking defaults for OMX/cmex/m/n on input line 38.
LaTeX Font Info:    ... okay on input line 38.
LaTeX Font Info:    Checking defaults for U/cmr/m/n on input line 38.
LaTeX Font Info:    ... okay on input line 38.
LaTeX Font Info:    External font `cmex10' loaded for size
(Font)              <14.4> on input line 47.
LaTeX Font Info:    External font `cmex10' loaded for size
(Font)              <7> on input line 47.
 [1



{/usr/local/texlive/2019/texmf-var/fonts/map/pdftex/updmap/pdftex.map}] (./MyCa
l.toc
LaTeX Font Info:    External font `cmex10' loaded for size
(Font)              <12> on input line 6.
LaTeX Font Info:    External font `cmex10' loaded for size
(Font)              <8> on input line 6.
LaTeX Font Info:    External font `cmex10' loaded for size
(Font)              <6> on input line 6.
 [2])
\tf@toc=\write3
\openout3 = `MyCal.toc'.

 [3]
Overfull \hbox (165.75027pt too wide) in paragraph at lines 94--94
[]    \OT1/cmtt/m/n/12 def __init__(self,Title=None,db_name=None,db_user=None,d
b_system=None,db_pwd = None):8[] 
 []


Overfull \hbox (17.15007pt too wide) in paragraph at lines 109--110
\OT1/cmr/m/n/12 The con-nec-tion to the table-view-model goes through \OT1/cmr/
bx/n/12 self.RecipeModel.recipes
 []

[4] [5]
Overfull \hbox (295.42534pt too wide) in paragraph at lines 149--149
[]\OT1/cmtt/m/n/12 177 g Flour unbleached *u000a79 g Butter *u000a33 g Almond f
lour *u000a480 g Apricots frozen  *u000a8 g Sugar *[] 
 []

[6] [7]
LaTeX Font Info:    Try loading font information for OMS+cmr on input line 218.

 (/usr/local/texlive/2019/texmf-dist/tex/latex/base/omscmr.fd
File: omscmr.fd 2014/09/29 v2.5h Standard LaTeX font definitions
)
LaTeX Font Info:    Font shape `OMS/cmr/m/n' in size <12> not available
(Font)              Font shape `OMS/cmsy/m/n' tried instead on input line 218.
 [8]
[9] [10] (./MyCal.aux) ) 
Here is how much of TeX's memory you used:
 275 strings out of 492616
 3051 string characters out of 6129482
 65837 words of memory out of 5000000
 4262 multiletter control sequences out of 15000+600000
 9892 words of font info for 35 fonts, out of 8000000 for 9000
 1141 hyphenation exceptions out of 8191
 22i,6n,19p,387b,187s stack positions out of 5000i,500n,10000p,200000b,80000s
</usr/local/texlive/2019/texmf-dist/fonts/type1/public/
amsfonts/cm/cmbx10.pfb></usr/local/texlive/2019/texmf-dist/fonts/type1/public/a
msfonts/cm/cmbx12.pfb></usr/local/texlive/2019/texmf-dist/fonts/type1/public/am
sfonts/cm/cmr10.pfb></usr/local/texlive/2019/texmf-dist/fonts/type1/public/amsf
onts/cm/cmr12.pfb></usr/local/texlive/2019/texmf-dist/fonts/type1/public/amsfon
ts/cm/cmr17.pfb></usr/local/texlive/2019/texmf-dist/fonts/type1/public/amsfonts
/cm/cmsy10.pfb></usr/local/texlive/2019/texmf-dist/fonts/type1/public/amsfonts/
cm/cmtt12.pfb>
Output written on MyCal.pdf (10 pages, 102876 bytes).
PDF statistics:
 65 PDF objects out of 1000 (max. 8388607)
 45 compressed objects within 1 object stream
 0 named destinations out of 1000 (max. 500000)
 1 words of extra memory for PDF output out of 10000 (max. 10000000)

